// Jest Snapshot v1, https://goo.gl/fbAQLP

exports[`Button tests should match snapshot 1`] = `
<button
  class="flex py-2 px-6 text-md rounded-lg  text-primary-100 bg-primary-600 hover:bg-primary-500 disabled:bg-primary-500 font-semibold items-center justify-center  "
  data-testid="button"
>
  <span
    class="flex items-center"
  >
    sample label
  </span>
</button>
`;
