// Jest Snapshot v1, https://goo.gl/fbAQLP

exports[`TextInput component tests should match snapshot 1`] = `
<input
  class="relative w-full py-2 px-3 shadow-sm rounded-md placeholder-primary-500 border border-primary-400 bg-transparent  "
  data-testid="text-input"
/>
`;
